// Jest Snapshot v1, https://goo.gl/fbAQLP

exports[`Button renders correctly 1`] = `
<button
  className="btn my-class"
  onClick={[Function]}
  type="button"
>
  Click me
</button>
`;
